<!DOCTYPE html><!--№1-->
<head>
  <meta charset="UTF-8">
  <title>Golden</title>
  
  <link href="mein.css" rel="stylesheet" type="text/css"/><!---->
</head><!--1-->

<!--++++++++++++++++++++++++++++++++++++++++++++++++++++++++++++++++++++++++++++++++++++++++++++++++++++++++++++++++++++++++++++++-->


<body><!--№2-->
   <header>   <!--№3-->
       <div class="container">       
                 <div class="heading clearfix"><!--№43--><!--Наше меню это уже как отдельный контейнер именно потому мы делаем его полноценным контейнером, ибо это удобно-->       
                           <img src="imeg/logo.png" class="logo"/><!--№16-->       
                                         <nav><!--№23--><!--Нужно для того чтобы делать меню или списки-->
                                            <ul class="menu"><!--№24--><!--класс "menu" додаеться тольЫко№30-->   
                                              <li><!--№25-->
                                                  <a href="https://www.google.com">Home</a><!--№26-->
                                              </li><!--№25-->

                                              <li><!--№25-->
                                                  <a href="https://www.google.com">Services</a><!--№26-->
                                              </li><!--№25-->

                                              <li><!--№25-->
                                                  <a href="https://www.google.com">Portfolio</a> <!--№26-->
                                              </li><!--№25-->

                                              <li><!--№25-->
                                                  <a href="https://www.google.com">About</a><!--№26-->
                                              </li><!--№25-->

                                              <li><!--№25-->
                                                  <a href="https://www.google.com">Contact</a><!--№26-->
                                              </li><!--№25-->
                                            </ul><!--№24--> 
                                        </nav><!--№23-->  
                 </div>             
                 <div class="titles"><!--№44--><!--Нужно обращать все одним дивом иначе может произойти проблемма clearfix-->
                   
                 </div>
                      <div class="titles_first"><!--№45--> 
                                                Welcome To Our Studio!<!--№46-->
                      </div>
                      <h1><!--№47--> 
                            It's nice to Meet you<!--№48-->
                       </h1>         
                 </div>
                 <a class="button" href="https://www.google.com">Tell Me More</a>
          </div>      
</header><!--№3-->   

<!--------------------------------------------------------------------------------------------------------------------------------->


<section id="services"><!--№4-->
          <div class="container"><!--№6-->
                  <div class="title">
                          <h2>
                              Services
                          </h2>
                          <p>
                              Proin iaculis purus consequat sem cure.
                          </p>
                  </div><!--№6-->
                                 <div class="services clearfix">
                                           <div class="services_item">
                                                      <img src="imeg/icon1.png" class="icon"/>
                                                           <h3>E-Commerce</h3>
                                                           <p>Proin iaculis purus consequat sem cure 
                                                           digni ssim. Donec porttitora entum suscipit
                                                           aenean rhoncus posuere odio in tincidunt.
                                                           </p>
                                                           </div>
                                           <div class="services_item">
                                                      <img src="imeg/icon2.png" class="icon"/>
                                                           <h3>Responsive Web</h3>
                                                           <p>Proin iaculis purus consequat sem cure 
                                                           digni ssim. Donec porttitora entum suscipit 
                                                           aenean rhoncus posuere odio in tincidunt.
                                                           </p>  
                                           </div>
                                           <div class="services_item">
                                                      <img src="imeg/icon3.png" class="icon"/>
                                                           <h3>Web Security</h3>
                                                           <p>Proin iaculis purus consequat sem cure 
                                                           digni ssim. Donec porttitora entum suscipit
                                                           aenean rhoncus posuere odio in tincidunt.
                                                           </p>
                                           </div>
                                   </div> 
            </div>      
</section><!--№4-->

<!--------------------------------------------------------------------------------------------------------------------------------->


<section id="portfolio"><!--№4-->
         <div class="container"><!--№7-->
              <div class="title"> 
                   <h2>
                       Our portfolio
                   </h2>
                   <p>
                   Proin iaculis purus consequat sem cure.
                   </p>
              </div>
         <div class="works clearfix">
              <img src="imeg/img1.jpg">
              <img src="imeg/img2.jpg">
              <img src="imeg/img3.jpg">
         </div>         
         </div><!--№7-->
</section><!--№4-->

<!-------------------------------------------------------------------------------------------------------------------------------->


<section id="aboutus" ><!--№4-->
         <div class="container"><!--№7-->
              <div class="title">
                   <h2>
                       About us
                   </h2>
                   <p>
                      Proin iaculis purus consequat sem cure.
                   </p>
              </div>
                       <div class="aboutus clearfix">
                            <div class="ourway"/>
                       <img src="imeg/about1.jpg" class="about"/>
                            <h3>July 2010</h3>    
                            <h3>Our Humble Beginnings</h3>
                            <p>Proin iaculis purus consequat sem cure 
                            digni ssim. Donec porttitora entum suscipit 
                            aenean rhoncus posuere odio in tincidunt. Proin 
                            iaculis purus consequat sem cure digni 
                            ssim. Donec porttitora entum suscipit.</p>
                            </div>

                            <div class="ourway"/>
                       <img src="imeg/about2.jpg" class="about"/>
                            <h3>January 2011</h3>
                            <h3>Facing Startup Battles</h3>
                            <p>Proin iaculis purus consequat sem cure 
                            digni ssim. Donec porttitora entum suscipit 
                            aenean rhoncus posuere odio in tincidunt. Proin 
                            iaculis purus consequat sem cure digni 
                            ssim. Donec porttitora entum suscipit aenean 
                            rhoncus posuere odio in tincidunt.
                            </p>
                            </div> 

                            <div class="ourway"/>   
                       <img src="imeg/about3.jpg" class="about"/>
                            <h3>December 2012</h3>
                            <h3>Enter The Dark Days</h3>
                            <p>
                            Proin iaculis purus consequat sem cure 
                            digni ssim. Donec porttitora entum suscipit 
                            aenean rhoncus posuere odio in tincidunt. Proin 
                            iaculis purus consequat sem cure digni.  
                            </p>
                            </div> 

                            <div class="ourway"/>       
                       <img src="imeg/about4.jpg" class="about"/>
                            <h3>February 2014</h3>
                            <h3>Our Triumph</h3>
                            <p>Proin iaculis purus consequat sem cure 
                            digni ssim. Donec porttitora entum suscipit 
                            aenean rhoncus posuere odio in tincidunt. Proin 
                            iaculis purus consequat sem cure digni 
                            ssim. Donec porttitora entum suscipit aenean.</p>
                            </div>             
      
                       </div><!--№7-->
</section><!--№4-->

<!---------------------------------------------------------------------------------------------------------------------------------->


<footer id="contact"><!--№5--> 
        <div class="container"><!--№8--> 
             <div class="title"> 
                  <p>
                     © Copyright 2014 FreebiesXpress.com
                  </p>  
             </div> 
        </div><!--№8--> 
</footer><!--№5--> 
</body><!--№2-->
                   
      

  

  
     
  

